// Jest Snapshot v1, https://goo.gl/fbAQLP

exports[`renders loading indicator correctly 1`] = `
<div
  className="has-text-centered"
>
  <div
    className="loading-spinner"
  />
</div>
`;
